Archive member included because of file (symbol)

c:/winavr-20071221/bin/../lib/gcc/avr/4.2.2/avr4\libgcc.a(_divmodhi4.o)
                              servo.o (__divmodhi4)
c:/winavr-20071221/bin/../lib/gcc/avr/4.2.2/avr4\libgcc.a(_exit.o)
                              c:/winavr-20071221/bin/../lib/gcc/avr/4.2.2/../../../../avr/lib/avr4/crtm8.o (exit)
c:/winavr-20071221/bin/../lib/gcc/avr/4.2.2/avr4\libgcc.a(_copy_data.o)
                              servo.o (__do_copy_data)
c:/winavr-20071221/bin/../lib/gcc/avr/4.2.2/avr4\libgcc.a(_clear_bss.o)
                              servo.o (__do_clear_bss)
c:/winavr-20071221/bin/../lib/gcc/avr/4.2.2/avr4\libgcc.a(_udivmodhi4.o)
                              c:/winavr-20071221/bin/../lib/gcc/avr/4.2.2/avr4\libgcc.a(_divmodhi4.o) (__udivmodhi4)
c:/winavr-20071221/bin/../lib/gcc/avr/4.2.2/../../../../avr/lib/avr4\libc.a(rand.o)
                              servo.o (rand)
c:/winavr-20071221/bin/../lib/gcc/avr/4.2.2/avr4\libgcc.a(_mulsi3.o)
                              c:/winavr-20071221/bin/../lib/gcc/avr/4.2.2/../../../../avr/lib/avr4\libc.a(rand.o) (__mulsi3)
c:/winavr-20071221/bin/../lib/gcc/avr/4.2.2/avr4\libgcc.a(_divmodsi4.o)
                              c:/winavr-20071221/bin/../lib/gcc/avr/4.2.2/../../../../avr/lib/avr4\libc.a(rand.o) (__divmodsi4)
c:/winavr-20071221/bin/../lib/gcc/avr/4.2.2/avr4\libgcc.a(_prologue.o)
                              c:/winavr-20071221/bin/../lib/gcc/avr/4.2.2/../../../../avr/lib/avr4\libc.a(rand.o) (__prologue_saves__)
c:/winavr-20071221/bin/../lib/gcc/avr/4.2.2/avr4\libgcc.a(_epilogue.o)
                              c:/winavr-20071221/bin/../lib/gcc/avr/4.2.2/../../../../avr/lib/avr4\libc.a(rand.o) (__epilogue_restores__)
c:/winavr-20071221/bin/../lib/gcc/avr/4.2.2/avr4\libgcc.a(_udivmodsi4.o)
                              c:/winavr-20071221/bin/../lib/gcc/avr/4.2.2/avr4\libgcc.a(_divmodsi4.o) (__udivmodsi4)

Memory Configuration

Name             Origin             Length             Attributes
text             0x00000000         0x00002000         xr
data             0x00800060         0x0000ffa0         rw !x
eeprom           0x00810000         0x00010000         rw !x
fuse             0x00820000         0x00000400         rw !x
lock             0x00830000         0x00000400         rw !x
signature        0x00840000         0x00000400         rw !x
*default*        0x00000000         0xffffffff

Linker script and memory map

LOAD c:/winavr-20071221/bin/../lib/gcc/avr/4.2.2/../../../../avr/lib/avr4/crtm8.o
LOAD servo.o
LOAD c:/winavr-20071221/bin/../lib/gcc/avr/4.2.2/avr4\libgcc.a
LOAD c:/winavr-20071221/bin/../lib/gcc/avr/4.2.2/../../../../avr/lib/avr4\libc.a
LOAD c:/winavr-20071221/bin/../lib/gcc/avr/4.2.2/avr4\libgcc.a

.hash
 *(.hash)

.dynsym
 *(.dynsym)

.dynstr
 *(.dynstr)

.gnu.version
 *(.gnu.version)

.gnu.version_d
 *(.gnu.version_d)

.gnu.version_r
 *(.gnu.version_r)

.rel.init
 *(.rel.init)

.rela.init
 *(.rela.init)

.rel.text
 *(.rel.text)
 *(.rel.text.*)
 *(.rel.gnu.linkonce.t*)

.rela.text
 *(.rela.text)
 *(.rela.text.*)
 *(.rela.gnu.linkonce.t*)

.rel.fini
 *(.rel.fini)

.rela.fini
 *(.rela.fini)

.rel.rodata
 *(.rel.rodata)
 *(.rel.rodata.*)
 *(.rel.gnu.linkonce.r*)

.rela.rodata
 *(.rela.rodata)
 *(.rela.rodata.*)
 *(.rela.gnu.linkonce.r*)

.rel.data
 *(.rel.data)
 *(.rel.data.*)
 *(.rel.gnu.linkonce.d*)

.rela.data
 *(.rela.data)
 *(.rela.data.*)
 *(.rela.gnu.linkonce.d*)

.rel.ctors
 *(.rel.ctors)

.rela.ctors
 *(.rela.ctors)

.rel.dtors
 *(.rel.dtors)

.rela.dtors
 *(.rela.dtors)

.rel.got
 *(.rel.got)

.rela.got
 *(.rela.got)

.rel.bss
 *(.rel.bss)

.rela.bss
 *(.rela.bss)

.rel.plt
 *(.rel.plt)

.rela.plt
 *(.rela.plt)

.text           0x00000000      0x3e0
 *(.vectors)
 .vectors       0x00000000       0x26 c:/winavr-20071221/bin/../lib/gcc/avr/4.2.2/../../../../avr/lib/avr4/crtm8.o
                0x00000000                __vectors
                0x00000000                __vector_default
 *(.vectors)
 *(.progmem.gcc*)
 *(.progmem*)
                0x00000026                . = ALIGN (0x2)
                0x00000026                __trampolines_start = .
 *(.trampolines)
 .trampolines   0x00000026        0x0 linker stubs
 *(.trampolines*)
                0x00000026                __trampolines_end = .
 *(.jumptables)
 *(.jumptables*)
 *(.lowtext)
 *(.lowtext*)
                0x00000026                __ctors_start = .
 *(.ctors)
                0x00000026                __ctors_end = .
                0x00000026                __dtors_start = .
 *(.dtors)
                0x00000026                __dtors_end = .
 SORT(*)(.ctors)
 SORT(*)(.dtors)
 *(.init0)
 .init0         0x00000026        0x0 c:/winavr-20071221/bin/../lib/gcc/avr/4.2.2/../../../../avr/lib/avr4/crtm8.o
                0x00000026                __init
 *(.init0)
 *(.init1)
 *(.init1)
 *(.init2)
 .init2         0x00000026        0xc c:/winavr-20071221/bin/../lib/gcc/avr/4.2.2/../../../../avr/lib/avr4/crtm8.o
 *(.init2)
 *(.init3)
 *(.init3)
 *(.init4)
 .init4         0x00000032       0x16 c:/winavr-20071221/bin/../lib/gcc/avr/4.2.2/avr4\libgcc.a(_copy_data.o)
                0x00000032                __do_copy_data
 .init4         0x00000048       0x10 c:/winavr-20071221/bin/../lib/gcc/avr/4.2.2/avr4\libgcc.a(_clear_bss.o)
                0x00000048                __do_clear_bss
 *(.init4)
 *(.init5)
 *(.init5)
 *(.init6)
 *(.init6)
 *(.init7)
 *(.init7)
 *(.init8)
 *(.init8)
 *(.init9)
 .init9         0x00000058        0x4 c:/winavr-20071221/bin/../lib/gcc/avr/4.2.2/../../../../avr/lib/avr4/crtm8.o
 *(.init9)
 *(.text)
 .text          0x0000005c        0x2 c:/winavr-20071221/bin/../lib/gcc/avr/4.2.2/../../../../avr/lib/avr4/crtm8.o
                0x0000005c                __vector_1
                0x0000005c                __vector_12
                0x0000005c                __bad_interrupt
                0x0000005c                __vector_6
                0x0000005c                __vector_11
                0x0000005c                __vector_13
                0x0000005c                __vector_17
                0x0000005c                __vector_7
                0x0000005c                __vector_5
                0x0000005c                __vector_9
                0x0000005c                __vector_2
                0x0000005c                __vector_15
                0x0000005c                __vector_8
                0x0000005c                __vector_14
                0x0000005c                __vector_10
                0x0000005c                __vector_16
                0x0000005c                __vector_18
 .text          0x0000005e      0x14e servo.o
                0x0000005e                servo_init
                0x00000078                servo_interrupts
                0x0000010c                __vector_3
                0x00000156                rand_range
                0x0000017e                main
                0x000000c2                __vector_4
 .text          0x000001ac        0x0 c:/winavr-20071221/bin/../lib/gcc/avr/4.2.2/avr4\libgcc.a(_divmodhi4.o)
 .text          0x000001ac        0x0 c:/winavr-20071221/bin/../lib/gcc/avr/4.2.2/avr4\libgcc.a(_exit.o)
 .text          0x000001ac        0x0 c:/winavr-20071221/bin/../lib/gcc/avr/4.2.2/avr4\libgcc.a(_copy_data.o)
 .text          0x000001ac        0x0 c:/winavr-20071221/bin/../lib/gcc/avr/4.2.2/avr4\libgcc.a(_clear_bss.o)
 .text          0x000001ac        0x0 c:/winavr-20071221/bin/../lib/gcc/avr/4.2.2/avr4\libgcc.a(_udivmodhi4.o)
 .text          0x000001ac       0xbe c:/winavr-20071221/bin/../lib/gcc/avr/4.2.2/../../../../avr/lib/avr4\libc.a(rand.o)
                0x00000248                rand_r
                0x0000024c                rand
                0x00000254                srand
 .text          0x0000026a        0x0 c:/winavr-20071221/bin/../lib/gcc/avr/4.2.2/avr4\libgcc.a(_mulsi3.o)
 .text          0x0000026a        0x0 c:/winavr-20071221/bin/../lib/gcc/avr/4.2.2/avr4\libgcc.a(_divmodsi4.o)
 .text          0x0000026a        0x0 c:/winavr-20071221/bin/../lib/gcc/avr/4.2.2/avr4\libgcc.a(_prologue.o)
 .text          0x0000026a        0x0 c:/winavr-20071221/bin/../lib/gcc/avr/4.2.2/avr4\libgcc.a(_epilogue.o)
 .text          0x0000026a        0x0 c:/winavr-20071221/bin/../lib/gcc/avr/4.2.2/avr4\libgcc.a(_udivmodsi4.o)
                0x0000026a                . = ALIGN (0x2)
 *(.text.*)
 .text.libgcc   0x0000026a       0x26 c:/winavr-20071221/bin/../lib/gcc/avr/4.2.2/avr4\libgcc.a(_divmodhi4.o)
                0x0000026a                __divmodhi4
                0x0000026a                _div
 .text.libgcc   0x00000290        0x0 c:/winavr-20071221/bin/../lib/gcc/avr/4.2.2/avr4\libgcc.a(_exit.o)
 .text.libgcc   0x00000290        0x0 c:/winavr-20071221/bin/../lib/gcc/avr/4.2.2/avr4\libgcc.a(_copy_data.o)
 .text.libgcc   0x00000290        0x0 c:/winavr-20071221/bin/../lib/gcc/avr/4.2.2/avr4\libgcc.a(_clear_bss.o)
 .text.libgcc   0x00000290       0x28 c:/winavr-20071221/bin/../lib/gcc/avr/4.2.2/avr4\libgcc.a(_udivmodhi4.o)
                0x00000290                __udivmodhi4
 .text.libgcc   0x000002b8       0x3e c:/winavr-20071221/bin/../lib/gcc/avr/4.2.2/avr4\libgcc.a(_mulsi3.o)
                0x000002b8                __mulsi3
 .text.libgcc   0x000002f6       0x36 c:/winavr-20071221/bin/../lib/gcc/avr/4.2.2/avr4\libgcc.a(_divmodsi4.o)
                0x000002f6                __divmodsi4
 .text.libgcc   0x0000032c       0x38 c:/winavr-20071221/bin/../lib/gcc/avr/4.2.2/avr4\libgcc.a(_prologue.o)
                0x0000032c                __prologue_saves__
 .text.libgcc   0x00000364       0x36 c:/winavr-20071221/bin/../lib/gcc/avr/4.2.2/avr4\libgcc.a(_epilogue.o)
                0x00000364                __epilogue_restores__
 .text.libgcc   0x0000039a       0x44 c:/winavr-20071221/bin/../lib/gcc/avr/4.2.2/avr4\libgcc.a(_udivmodsi4.o)
                0x0000039a                __udivmodsi4
                0x000003de                . = ALIGN (0x2)
 *(.fini9)
 .fini9         0x000003de        0x0 c:/winavr-20071221/bin/../lib/gcc/avr/4.2.2/avr4\libgcc.a(_exit.o)
                0x000003de                exit
                0x000003de                _exit
 *(.fini9)
 *(.fini8)
 *(.fini8)
 *(.fini7)
 *(.fini7)
 *(.fini6)
 *(.fini6)
 *(.fini5)
 *(.fini5)
 *(.fini4)
 *(.fini4)
 *(.fini3)
 *(.fini3)
 *(.fini2)
 *(.fini2)
 *(.fini1)
 *(.fini1)
 *(.fini0)
 .fini0         0x000003de        0x2 c:/winavr-20071221/bin/../lib/gcc/avr/4.2.2/avr4\libgcc.a(_exit.o)
 *(.fini0)
                0x000003e0                _etext = .

.data           0x00800060        0x4 load address 0x000003e0
                0x00800060                PROVIDE (__data_start, .)
 *(.data)
 .data          0x00800060        0x0 c:/winavr-20071221/bin/../lib/gcc/avr/4.2.2/../../../../avr/lib/avr4/crtm8.o
 .data          0x00800060        0x0 servo.o
 .data          0x00800060        0x0 c:/winavr-20071221/bin/../lib/gcc/avr/4.2.2/avr4\libgcc.a(_divmodhi4.o)
 .data          0x00800060        0x0 c:/winavr-20071221/bin/../lib/gcc/avr/4.2.2/avr4\libgcc.a(_exit.o)
 .data          0x00800060        0x0 c:/winavr-20071221/bin/../lib/gcc/avr/4.2.2/avr4\libgcc.a(_copy_data.o)
 .data          0x00800060        0x0 c:/winavr-20071221/bin/../lib/gcc/avr/4.2.2/avr4\libgcc.a(_clear_bss.o)
 .data          0x00800060        0x0 c:/winavr-20071221/bin/../lib/gcc/avr/4.2.2/avr4\libgcc.a(_udivmodhi4.o)
 .data          0x00800060        0x4 c:/winavr-20071221/bin/../lib/gcc/avr/4.2.2/../../../../avr/lib/avr4\libc.a(rand.o)
 .data          0x00800064        0x0 c:/winavr-20071221/bin/../lib/gcc/avr/4.2.2/avr4\libgcc.a(_mulsi3.o)
 .data          0x00800064        0x0 c:/winavr-20071221/bin/../lib/gcc/avr/4.2.2/avr4\libgcc.a(_divmodsi4.o)
 .data          0x00800064        0x0 c:/winavr-20071221/bin/../lib/gcc/avr/4.2.2/avr4\libgcc.a(_prologue.o)
 .data          0x00800064        0x0 c:/winavr-20071221/bin/../lib/gcc/avr/4.2.2/avr4\libgcc.a(_epilogue.o)
 .data          0x00800064        0x0 c:/winavr-20071221/bin/../lib/gcc/avr/4.2.2/avr4\libgcc.a(_udivmodsi4.o)
 *(.data*)
 *(.rodata)
 *(.rodata*)
 *(.gnu.linkonce.d*)
                0x00800064                . = ALIGN (0x2)
                0x00800064                _edata = .
                0x00800064                PROVIDE (__data_end, .)

.bss            0x00800064        0x3 load address 0x000003e4
                0x00800064                PROVIDE (__bss_start, .)
 *(.bss)
 .bss           0x00800064        0x0 c:/winavr-20071221/bin/../lib/gcc/avr/4.2.2/../../../../avr/lib/avr4/crtm8.o
 .bss           0x00800064        0x3 servo.o
 .bss           0x00800067        0x0 c:/winavr-20071221/bin/../lib/gcc/avr/4.2.2/avr4\libgcc.a(_divmodhi4.o)
 .bss           0x00800067        0x0 c:/winavr-20071221/bin/../lib/gcc/avr/4.2.2/avr4\libgcc.a(_exit.o)
 .bss           0x00800067        0x0 c:/winavr-20071221/bin/../lib/gcc/avr/4.2.2/avr4\libgcc.a(_copy_data.o)
 .bss           0x00800067        0x0 c:/winavr-20071221/bin/../lib/gcc/avr/4.2.2/avr4\libgcc.a(_clear_bss.o)
 .bss           0x00800067        0x0 c:/winavr-20071221/bin/../lib/gcc/avr/4.2.2/avr4\libgcc.a(_udivmodhi4.o)
 .bss           0x00800067        0x0 c:/winavr-20071221/bin/../lib/gcc/avr/4.2.2/../../../../avr/lib/avr4\libc.a(rand.o)
 .bss           0x00800067        0x0 c:/winavr-20071221/bin/../lib/gcc/avr/4.2.2/avr4\libgcc.a(_mulsi3.o)
 .bss           0x00800067        0x0 c:/winavr-20071221/bin/../lib/gcc/avr/4.2.2/avr4\libgcc.a(_divmodsi4.o)
 .bss           0x00800067        0x0 c:/winavr-20071221/bin/../lib/gcc/avr/4.2.2/avr4\libgcc.a(_prologue.o)
 .bss           0x00800067        0x0 c:/winavr-20071221/bin/../lib/gcc/avr/4.2.2/avr4\libgcc.a(_epilogue.o)
 .bss           0x00800067        0x0 c:/winavr-20071221/bin/../lib/gcc/avr/4.2.2/avr4\libgcc.a(_udivmodsi4.o)
 *(.bss*)
 *(COMMON)
                0x00800067                PROVIDE (__bss_end, .)
                0x000003e0                __data_load_start = LOADADDR (.data)
                0x000003e4                __data_load_end = (__data_load_start + SIZEOF (.data))

.noinit         0x00800067        0x0
                0x00800067                PROVIDE (__noinit_start, .)
 *(.noinit*)
                0x00800067                PROVIDE (__noinit_end, .)
                0x00800067                _end = .
                0x00800067                PROVIDE (__heap_start, .)

.eeprom         0x00810000        0x0
 *(.eeprom*)
                0x00810000                __eeprom_end = .

.fuse
 *(.fuse)
 *(.lfuse)
 *(.hfuse)
 *(.efuse)

.lock
 *(.lock*)

.signature
 *(.signature*)

.stab           0x00000000      0x378
 *(.stab)
 .stab          0x00000000      0x378 c:/winavr-20071221/bin/../lib/gcc/avr/4.2.2/../../../../avr/lib/avr4/crtm8.o

.stabstr        0x00000000       0x5f
 *(.stabstr)
 .stabstr       0x00000000       0x5f c:/winavr-20071221/bin/../lib/gcc/avr/4.2.2/../../../../avr/lib/avr4/crtm8.o

.stab.excl
 *(.stab.excl)

.stab.exclstr
 *(.stab.exclstr)

.stab.index
 *(.stab.index)

.stab.indexstr
 *(.stab.indexstr)

.comment
 *(.comment)

.debug
 *(.debug)

.line
 *(.line)

.debug_srcinfo
 *(.debug_srcinfo)

.debug_sfnames
 *(.debug_sfnames)

.debug_aranges  0x00000000       0x20
 *(.debug_aranges)
 .debug_aranges
                0x00000000       0x20 servo.o

.debug_pubnames
                0x00000000       0x6c
 *(.debug_pubnames)
 .debug_pubnames
                0x00000000       0x6c servo.o

.debug_info     0x00000000      0x1ed
 *(.debug_info)
 .debug_info    0x00000000      0x1ed servo.o
 *(.gnu.linkonce.wi.*)

.debug_abbrev   0x00000000      0x155
 *(.debug_abbrev)
 .debug_abbrev  0x00000000      0x155 servo.o

.debug_line     0x00000000      0x1ec
 *(.debug_line)
 .debug_line    0x00000000      0x1ec servo.o

.debug_frame    0x00000000       0x70
 *(.debug_frame)
 .debug_frame   0x00000000       0x70 servo.o

.debug_str      0x00000000      0x132
 *(.debug_str)
 .debug_str     0x00000000      0x132 servo.o
                                0x16b (size before relaxing)

.debug_loc      0x00000000       0xd4
 *(.debug_loc)
 .debug_loc     0x00000000       0xd4 servo.o

.debug_macinfo
 *(.debug_macinfo)
OUTPUT(servo.elf elf32-avr)
LOAD linker stubs
