Archive member included because of file (symbol)

c:/winavr-20071221/bin/../lib/gcc/avr/4.2.2/avr4\libgcc.a(_exit.o)
                              c:/winavr-20071221/bin/../lib/gcc/avr/4.2.2/../../../../avr/lib/avr4/crtm8.o (exit)
c:/winavr-20071221/bin/../lib/gcc/avr/4.2.2/avr4\libgcc.a(_copy_data.o)
                              main.o (__do_copy_data)
c:/winavr-20071221/bin/../lib/gcc/avr/4.2.2/avr4\libgcc.a(_clear_bss.o)
                              main.o (__do_clear_bss)
c:/winavr-20071221/bin/../lib/gcc/avr/4.2.2/avr4\libgcc.a(_ashldi3.o)
                              main.o (__ashldi3)
c:/winavr-20071221/bin/../lib/gcc/avr/4.2.2/avr4\libgcc.a(_udivdi3.o)
                              main.o (__udivdi3)
c:/winavr-20071221/bin/../lib/gcc/avr/4.2.2/avr4\libgcc.a(_mulsi3.o)
                              c:/winavr-20071221/bin/../lib/gcc/avr/4.2.2/avr4\libgcc.a(_udivdi3.o) (__mulsi3)
c:/winavr-20071221/bin/../lib/gcc/avr/4.2.2/avr4\libgcc.a(_udivmodsi4.o)
                              c:/winavr-20071221/bin/../lib/gcc/avr/4.2.2/avr4\libgcc.a(_udivdi3.o) (__udivmodsi4)
c:/winavr-20071221/bin/../lib/gcc/avr/4.2.2/avr4\libgcc.a(_prologue.o)
                              c:/winavr-20071221/bin/../lib/gcc/avr/4.2.2/avr4\libgcc.a(_ashldi3.o) (__prologue_saves__)
c:/winavr-20071221/bin/../lib/gcc/avr/4.2.2/avr4\libgcc.a(_epilogue.o)
                              c:/winavr-20071221/bin/../lib/gcc/avr/4.2.2/avr4\libgcc.a(_ashldi3.o) (__epilogue_restores__)
c:/winavr-20071221/bin/../lib/gcc/avr/4.2.2/avr4\libgcc.a(_clz.o)
                              c:/winavr-20071221/bin/../lib/gcc/avr/4.2.2/avr4\libgcc.a(_udivdi3.o) (__clz_tab)
c:/winavr-20071221/bin/../lib/gcc/avr/4.2.2/../../../../avr/lib/avr4\libc.a(sprintf.o)
                              main.o (sprintf)
c:/winavr-20071221/bin/../lib/gcc/avr/4.2.2/../../../../avr/lib/avr4\libc.a(vfprintf_std.o)
                              c:/winavr-20071221/bin/../lib/gcc/avr/4.2.2/../../../../avr/lib/avr4\libc.a(sprintf.o) (vfprintf)
c:/winavr-20071221/bin/../lib/gcc/avr/4.2.2/../../../../avr/lib/avr4\libc.a(strnlen_P.o)
                              c:/winavr-20071221/bin/../lib/gcc/avr/4.2.2/../../../../avr/lib/avr4\libc.a(vfprintf_std.o) (strnlen_P)
c:/winavr-20071221/bin/../lib/gcc/avr/4.2.2/../../../../avr/lib/avr4\libc.a(strnlen.o)
                              c:/winavr-20071221/bin/../lib/gcc/avr/4.2.2/../../../../avr/lib/avr4\libc.a(vfprintf_std.o) (strnlen)
c:/winavr-20071221/bin/../lib/gcc/avr/4.2.2/../../../../avr/lib/avr4\libc.a(fputc.o)
                              c:/winavr-20071221/bin/../lib/gcc/avr/4.2.2/../../../../avr/lib/avr4\libc.a(vfprintf_std.o) (fputc)
c:/winavr-20071221/bin/../lib/gcc/avr/4.2.2/../../../../avr/lib/avr4\libc.a(ultoa_invert.o)
                              c:/winavr-20071221/bin/../lib/gcc/avr/4.2.2/../../../../avr/lib/avr4\libc.a(vfprintf_std.o) (__ultoa_invert)

Allocating common symbols
Common symbol       size              file

position            0x1               main.o

Memory Configuration

Name             Origin             Length             Attributes
text             0x00000000         0x00002000         xr
data             0x00800060         0x0000ffa0         rw !x
eeprom           0x00810000         0x00010000         rw !x
fuse             0x00820000         0x00000400         rw !x
lock             0x00830000         0x00000400         rw !x
signature        0x00840000         0x00000400         rw !x
*default*        0x00000000         0xffffffff

Linker script and memory map

LOAD c:/winavr-20071221/bin/../lib/gcc/avr/4.2.2/../../../../avr/lib/avr4/crtm8.o
LOAD main.o
LOAD c:/winavr-20071221/bin/../lib/gcc/avr/4.2.2/avr4\libgcc.a
LOAD c:/winavr-20071221/bin/../lib/gcc/avr/4.2.2/../../../../avr/lib/avr4\libc.a
LOAD c:/winavr-20071221/bin/../lib/gcc/avr/4.2.2/avr4\libgcc.a

.hash
 *(.hash)

.dynsym
 *(.dynsym)

.dynstr
 *(.dynstr)

.gnu.version
 *(.gnu.version)

.gnu.version_d
 *(.gnu.version_d)

.gnu.version_r
 *(.gnu.version_r)

.rel.init
 *(.rel.init)

.rela.init
 *(.rela.init)

.rel.text
 *(.rel.text)
 *(.rel.text.*)
 *(.rel.gnu.linkonce.t*)

.rela.text
 *(.rela.text)
 *(.rela.text.*)
 *(.rela.gnu.linkonce.t*)

.rel.fini
 *(.rel.fini)

.rela.fini
 *(.rela.fini)

.rel.rodata
 *(.rel.rodata)
 *(.rel.rodata.*)
 *(.rel.gnu.linkonce.r*)

.rela.rodata
 *(.rela.rodata)
 *(.rela.rodata.*)
 *(.rela.gnu.linkonce.r*)

.rel.data
 *(.rel.data)
 *(.rel.data.*)
 *(.rel.gnu.linkonce.d*)

.rela.data
 *(.rela.data)
 *(.rela.data.*)
 *(.rela.gnu.linkonce.d*)

.rel.ctors
 *(.rel.ctors)

.rela.ctors
 *(.rela.ctors)

.rel.dtors
 *(.rel.dtors)

.rela.dtors
 *(.rela.dtors)

.rel.got
 *(.rel.got)

.rela.got
 *(.rela.got)

.rel.bss
 *(.rel.bss)

.rela.bss
 *(.rela.bss)

.rel.plt
 *(.rel.plt)

.rela.plt
 *(.rela.plt)

.text           0x00000000     0x1abe
 *(.vectors)
 .vectors       0x00000000       0x26 c:/winavr-20071221/bin/../lib/gcc/avr/4.2.2/../../../../avr/lib/avr4/crtm8.o
                0x00000000                __vectors
                0x00000000                __vector_default
 *(.vectors)
 *(.progmem.gcc*)
 *(.progmem*)
 .progmem.data  0x00000026       0x35 main.o
                0x0000005c                . = ALIGN (0x2)
 *fill*         0x0000005b        0x1 00
                0x0000005c                __trampolines_start = .
 *(.trampolines)
 .trampolines   0x0000005c        0x0 linker stubs
 *(.trampolines*)
                0x0000005c                __trampolines_end = .
 *(.jumptables)
 *(.jumptables*)
 *(.lowtext)
 *(.lowtext*)
                0x0000005c                __ctors_start = .
 *(.ctors)
                0x0000005c                __ctors_end = .
                0x0000005c                __dtors_start = .
 *(.dtors)
                0x0000005c                __dtors_end = .
 SORT(*)(.ctors)
 SORT(*)(.dtors)
 *(.init0)
 .init0         0x0000005c        0x0 c:/winavr-20071221/bin/../lib/gcc/avr/4.2.2/../../../../avr/lib/avr4/crtm8.o
                0x0000005c                __init
 *(.init0)
 *(.init1)
 *(.init1)
 *(.init2)
 .init2         0x0000005c        0xc c:/winavr-20071221/bin/../lib/gcc/avr/4.2.2/../../../../avr/lib/avr4/crtm8.o
 *(.init2)
 *(.init3)
 *(.init3)
 *(.init4)
 .init4         0x00000068       0x16 c:/winavr-20071221/bin/../lib/gcc/avr/4.2.2/avr4\libgcc.a(_copy_data.o)
                0x00000068                __do_copy_data
 .init4         0x0000007e       0x10 c:/winavr-20071221/bin/../lib/gcc/avr/4.2.2/avr4\libgcc.a(_clear_bss.o)
                0x0000007e                __do_clear_bss
 *(.init4)
 *(.init5)
 *(.init5)
 *(.init6)
 *(.init6)
 *(.init7)
 *(.init7)
 *(.init8)
 *(.init8)
 *(.init9)
 .init9         0x0000008e        0x4 c:/winavr-20071221/bin/../lib/gcc/avr/4.2.2/../../../../avr/lib/avr4/crtm8.o
 *(.init9)
 *(.text)
 .text          0x00000092        0x2 c:/winavr-20071221/bin/../lib/gcc/avr/4.2.2/../../../../avr/lib/avr4/crtm8.o
                0x00000092                __vector_1
                0x00000092                __vector_12
                0x00000092                __bad_interrupt
                0x00000092                __vector_6
                0x00000092                __vector_13
                0x00000092                __vector_17
                0x00000092                __vector_7
                0x00000092                __vector_5
                0x00000092                __vector_4
                0x00000092                __vector_9
                0x00000092                __vector_2
                0x00000092                __vector_15
                0x00000092                __vector_8
                0x00000092                __vector_14
                0x00000092                __vector_10
                0x00000092                __vector_16
                0x00000092                __vector_18
 .text          0x00000094      0x610 main.o
                0x00000554                usart_rx_callback
                0x00000094                unixclock_init
                0x00000396                __vector_3
                0x000000a6                unixclock_gettime
                0x00000616                __vector_11
                0x00000524                usart_init
                0x000005ee                main
                0x0000013a                unixclock_settime
                0x0000055a                print_int32_to_serial
 .text          0x000006a4        0x0 c:/winavr-20071221/bin/../lib/gcc/avr/4.2.2/avr4\libgcc.a(_exit.o)
 .text          0x000006a4        0x0 c:/winavr-20071221/bin/../lib/gcc/avr/4.2.2/avr4\libgcc.a(_copy_data.o)
 .text          0x000006a4        0x0 c:/winavr-20071221/bin/../lib/gcc/avr/4.2.2/avr4\libgcc.a(_clear_bss.o)
 .text          0x000006a4       0xf2 c:/winavr-20071221/bin/../lib/gcc/avr/4.2.2/avr4\libgcc.a(_ashldi3.o)
                0x000006a4                __ashldi3
 .text          0x00000796      0xcdc c:/winavr-20071221/bin/../lib/gcc/avr/4.2.2/avr4\libgcc.a(_udivdi3.o)
                0x00000796                __udivdi3
 .text          0x00001472        0x0 c:/winavr-20071221/bin/../lib/gcc/avr/4.2.2/avr4\libgcc.a(_mulsi3.o)
 .text          0x00001472        0x0 c:/winavr-20071221/bin/../lib/gcc/avr/4.2.2/avr4\libgcc.a(_udivmodsi4.o)
 .text          0x00001472        0x0 c:/winavr-20071221/bin/../lib/gcc/avr/4.2.2/avr4\libgcc.a(_prologue.o)
 .text          0x00001472        0x0 c:/winavr-20071221/bin/../lib/gcc/avr/4.2.2/avr4\libgcc.a(_epilogue.o)
 .text          0x00001472        0x0 c:/winavr-20071221/bin/../lib/gcc/avr/4.2.2/avr4\libgcc.a(_clz.o)
 .text          0x00001472       0x44 c:/winavr-20071221/bin/../lib/gcc/avr/4.2.2/../../../../avr/lib/avr4\libc.a(sprintf.o)
                0x00001472                sprintf
 .text          0x000014b6      0x3d6 c:/winavr-20071221/bin/../lib/gcc/avr/4.2.2/../../../../avr/lib/avr4\libc.a(vfprintf_std.o)
                0x000014b6                vfprintf
 .text          0x0000188c       0x16 c:/winavr-20071221/bin/../lib/gcc/avr/4.2.2/../../../../avr/lib/avr4\libc.a(strnlen_P.o)
                0x0000188c                strnlen_P
 .text          0x000018a2       0x16 c:/winavr-20071221/bin/../lib/gcc/avr/4.2.2/../../../../avr/lib/avr4\libc.a(strnlen.o)
                0x000018a2                strnlen
 .text          0x000018b8       0x58 c:/winavr-20071221/bin/../lib/gcc/avr/4.2.2/../../../../avr/lib/avr4\libc.a(fputc.o)
                0x000018b8                fputc
 .text          0x00001910       0xbc c:/winavr-20071221/bin/../lib/gcc/avr/4.2.2/../../../../avr/lib/avr4\libc.a(ultoa_invert.o)
                0x00001910                __ultoa_invert
                0x000019cc                . = ALIGN (0x2)
 *(.text.*)
 .text.libgcc   0x000019cc        0x0 c:/winavr-20071221/bin/../lib/gcc/avr/4.2.2/avr4\libgcc.a(_exit.o)
 .text.libgcc   0x000019cc        0x0 c:/winavr-20071221/bin/../lib/gcc/avr/4.2.2/avr4\libgcc.a(_copy_data.o)
 .text.libgcc   0x000019cc        0x0 c:/winavr-20071221/bin/../lib/gcc/avr/4.2.2/avr4\libgcc.a(_clear_bss.o)
 .text.libgcc   0x000019cc       0x3e c:/winavr-20071221/bin/../lib/gcc/avr/4.2.2/avr4\libgcc.a(_mulsi3.o)
                0x000019cc                __mulsi3
 .text.libgcc   0x00001a0a       0x44 c:/winavr-20071221/bin/../lib/gcc/avr/4.2.2/avr4\libgcc.a(_udivmodsi4.o)
                0x00001a0a                __udivmodsi4
 .text.libgcc   0x00001a4e       0x38 c:/winavr-20071221/bin/../lib/gcc/avr/4.2.2/avr4\libgcc.a(_prologue.o)
                0x00001a4e                __prologue_saves__
 .text.libgcc   0x00001a86       0x36 c:/winavr-20071221/bin/../lib/gcc/avr/4.2.2/avr4\libgcc.a(_epilogue.o)
                0x00001a86                __epilogue_restores__
                0x00001abc                . = ALIGN (0x2)
 *(.fini9)
 .fini9         0x00001abc        0x0 c:/winavr-20071221/bin/../lib/gcc/avr/4.2.2/avr4\libgcc.a(_exit.o)
                0x00001abc                exit
                0x00001abc                _exit
 *(.fini9)
 *(.fini8)
 *(.fini8)
 *(.fini7)
 *(.fini7)
 *(.fini6)
 *(.fini6)
 *(.fini5)
 *(.fini5)
 *(.fini4)
 *(.fini4)
 *(.fini3)
 *(.fini3)
 *(.fini2)
 *(.fini2)
 *(.fini1)
 *(.fini1)
 *(.fini0)
 .fini0         0x00001abc        0x2 c:/winavr-20071221/bin/../lib/gcc/avr/4.2.2/avr4\libgcc.a(_exit.o)
 *(.fini0)
                0x00001abe                _etext = .

.data           0x00800060      0x14e load address 0x00001abe
                0x00800060                PROVIDE (__data_start, .)
 *(.data)
 .data          0x00800060        0x0 c:/winavr-20071221/bin/../lib/gcc/avr/4.2.2/../../../../avr/lib/avr4/crtm8.o
 .data          0x00800060       0x4e main.o
 .data          0x008000ae        0x0 c:/winavr-20071221/bin/../lib/gcc/avr/4.2.2/avr4\libgcc.a(_exit.o)
 .data          0x008000ae        0x0 c:/winavr-20071221/bin/../lib/gcc/avr/4.2.2/avr4\libgcc.a(_copy_data.o)
 .data          0x008000ae        0x0 c:/winavr-20071221/bin/../lib/gcc/avr/4.2.2/avr4\libgcc.a(_clear_bss.o)
 .data          0x008000ae        0x0 c:/winavr-20071221/bin/../lib/gcc/avr/4.2.2/avr4\libgcc.a(_ashldi3.o)
 .data          0x008000ae        0x0 c:/winavr-20071221/bin/../lib/gcc/avr/4.2.2/avr4\libgcc.a(_udivdi3.o)
 .data          0x008000ae        0x0 c:/winavr-20071221/bin/../lib/gcc/avr/4.2.2/avr4\libgcc.a(_mulsi3.o)
 .data          0x008000ae        0x0 c:/winavr-20071221/bin/../lib/gcc/avr/4.2.2/avr4\libgcc.a(_udivmodsi4.o)
 .data          0x008000ae        0x0 c:/winavr-20071221/bin/../lib/gcc/avr/4.2.2/avr4\libgcc.a(_prologue.o)
 .data          0x008000ae        0x0 c:/winavr-20071221/bin/../lib/gcc/avr/4.2.2/avr4\libgcc.a(_epilogue.o)
 .data          0x008000ae      0x100 c:/winavr-20071221/bin/../lib/gcc/avr/4.2.2/avr4\libgcc.a(_clz.o)
                0x008000ae                __clz_tab
 .data          0x008001ae        0x0 c:/winavr-20071221/bin/../lib/gcc/avr/4.2.2/../../../../avr/lib/avr4\libc.a(sprintf.o)
 .data          0x008001ae        0x0 c:/winavr-20071221/bin/../lib/gcc/avr/4.2.2/../../../../avr/lib/avr4\libc.a(vfprintf_std.o)
 .data          0x008001ae        0x0 c:/winavr-20071221/bin/../lib/gcc/avr/4.2.2/../../../../avr/lib/avr4\libc.a(strnlen_P.o)
 .data          0x008001ae        0x0 c:/winavr-20071221/bin/../lib/gcc/avr/4.2.2/../../../../avr/lib/avr4\libc.a(strnlen.o)
 .data          0x008001ae        0x0 c:/winavr-20071221/bin/../lib/gcc/avr/4.2.2/../../../../avr/lib/avr4\libc.a(fputc.o)
 .data          0x008001ae        0x0 c:/winavr-20071221/bin/../lib/gcc/avr/4.2.2/../../../../avr/lib/avr4\libc.a(ultoa_invert.o)
 *(.data*)
 *(.rodata)
 *(.rodata*)
 *(.gnu.linkonce.d*)
                0x008001ae                . = ALIGN (0x2)
                0x008001ae                _edata = .
                0x008001ae                PROVIDE (__data_end, .)

.bss            0x008001ae       0x29 load address 0x00001c0c
                0x008001ae                PROVIDE (__bss_start, .)
 *(.bss)
 .bss           0x008001ae        0x0 c:/winavr-20071221/bin/../lib/gcc/avr/4.2.2/../../../../avr/lib/avr4/crtm8.o
 .bss           0x008001ae       0x28 main.o
                0x008001ae                unix_clock
 .bss           0x008001d6        0x0 c:/winavr-20071221/bin/../lib/gcc/avr/4.2.2/avr4\libgcc.a(_exit.o)
 .bss           0x008001d6        0x0 c:/winavr-20071221/bin/../lib/gcc/avr/4.2.2/avr4\libgcc.a(_copy_data.o)
 .bss           0x008001d6        0x0 c:/winavr-20071221/bin/../lib/gcc/avr/4.2.2/avr4\libgcc.a(_clear_bss.o)
 .bss           0x008001d6        0x0 c:/winavr-20071221/bin/../lib/gcc/avr/4.2.2/avr4\libgcc.a(_ashldi3.o)
 .bss           0x008001d6        0x0 c:/winavr-20071221/bin/../lib/gcc/avr/4.2.2/avr4\libgcc.a(_udivdi3.o)
 .bss           0x008001d6        0x0 c:/winavr-20071221/bin/../lib/gcc/avr/4.2.2/avr4\libgcc.a(_mulsi3.o)
 .bss           0x008001d6        0x0 c:/winavr-20071221/bin/../lib/gcc/avr/4.2.2/avr4\libgcc.a(_udivmodsi4.o)
 .bss           0x008001d6        0x0 c:/winavr-20071221/bin/../lib/gcc/avr/4.2.2/avr4\libgcc.a(_prologue.o)
 .bss           0x008001d6        0x0 c:/winavr-20071221/bin/../lib/gcc/avr/4.2.2/avr4\libgcc.a(_epilogue.o)
 .bss           0x008001d6        0x0 c:/winavr-20071221/bin/../lib/gcc/avr/4.2.2/avr4\libgcc.a(_clz.o)
 .bss           0x008001d6        0x0 c:/winavr-20071221/bin/../lib/gcc/avr/4.2.2/../../../../avr/lib/avr4\libc.a(sprintf.o)
 .bss           0x008001d6        0x0 c:/winavr-20071221/bin/../lib/gcc/avr/4.2.2/../../../../avr/lib/avr4\libc.a(vfprintf_std.o)
 .bss           0x008001d6        0x0 c:/winavr-20071221/bin/../lib/gcc/avr/4.2.2/../../../../avr/lib/avr4\libc.a(strnlen_P.o)
 .bss           0x008001d6        0x0 c:/winavr-20071221/bin/../lib/gcc/avr/4.2.2/../../../../avr/lib/avr4\libc.a(strnlen.o)
 .bss           0x008001d6        0x0 c:/winavr-20071221/bin/../lib/gcc/avr/4.2.2/../../../../avr/lib/avr4\libc.a(fputc.o)
 .bss           0x008001d6        0x0 c:/winavr-20071221/bin/../lib/gcc/avr/4.2.2/../../../../avr/lib/avr4\libc.a(ultoa_invert.o)
 *(.bss*)
 *(COMMON)
 COMMON         0x008001d6        0x1 main.o
                0x008001d6                position
                0x008001d7                PROVIDE (__bss_end, .)
                0x00001abe                __data_load_start = LOADADDR (.data)
                0x00001c0c                __data_load_end = (__data_load_start + SIZEOF (.data))

.noinit         0x008001d7        0x0
                0x008001d7                PROVIDE (__noinit_start, .)
 *(.noinit*)
                0x008001d7                PROVIDE (__noinit_end, .)
                0x008001d7                _end = .
                0x008001d7                PROVIDE (__heap_start, .)

.eeprom         0x00810000        0x0
 *(.eeprom*)
                0x00810000                __eeprom_end = .

.fuse
 *(.fuse)
 *(.lfuse)
 *(.hfuse)
 *(.efuse)

.lock
 *(.lock*)

.signature
 *(.signature*)

.stab           0x00000000      0x378
 *(.stab)
 .stab          0x00000000      0x378 c:/winavr-20071221/bin/../lib/gcc/avr/4.2.2/../../../../avr/lib/avr4/crtm8.o

.stabstr        0x00000000       0x5f
 *(.stabstr)
 .stabstr       0x00000000       0x5f c:/winavr-20071221/bin/../lib/gcc/avr/4.2.2/../../../../avr/lib/avr4/crtm8.o

.stab.excl
 *(.stab.excl)

.stab.exclstr
 *(.stab.exclstr)

.stab.index
 *(.stab.index)

.stab.indexstr
 *(.stab.indexstr)

.comment
 *(.comment)

.debug
 *(.debug)

.line
 *(.line)

.debug_srcinfo
 *(.debug_srcinfo)

.debug_sfnames
 *(.debug_sfnames)

.debug_aranges  0x00000000       0x20
 *(.debug_aranges)
 .debug_aranges
                0x00000000       0x20 main.o

.debug_pubnames
                0x00000000       0xd4
 *(.debug_pubnames)
 .debug_pubnames
                0x00000000       0xd4 main.o

.debug_info     0x00000000      0x45e
 *(.debug_info)
 .debug_info    0x00000000      0x45e main.o
 *(.gnu.linkonce.wi.*)

.debug_abbrev   0x00000000      0x1f3
 *(.debug_abbrev)
 .debug_abbrev  0x00000000      0x1f3 main.o

.debug_line     0x00000000      0x2f5
 *(.debug_line)
 .debug_line    0x00000000      0x2f5 main.o

.debug_frame    0x00000000       0xb0
 *(.debug_frame)
 .debug_frame   0x00000000       0xb0 main.o

.debug_str      0x00000000      0x1d4
 *(.debug_str)
 .debug_str     0x00000000      0x1d4 main.o
                                0x219 (size before relaxing)

.debug_loc      0x00000000      0x116
 *(.debug_loc)
 .debug_loc     0x00000000      0x116 main.o

.debug_macinfo
 *(.debug_macinfo)
OUTPUT(clock.elf elf32-avr)
LOAD linker stubs

.debug_ranges   0x00000000       0x18
 .debug_ranges  0x00000000       0x18 main.o
